uv : 
INFO:app.agents.ingestion_agent:IngestionAgent 
initialized
At line:1 char:40
+ ... ONPATH="."; uv run python 
scripts/test_usage_endpoints.py > test_outp ...
+                 ~~~~~~~~~~~~~~~~~~~~~~~~~~~~~~~~~
~~~~~~~~~~~~~~~~~~~~~~~~
    + CategoryInfo          : NotSpecified: (INFO: 
   app.agents...ent initialized:String) [], Remot  
  eException
    + FullyQualifiedErrorId : NativeCommandError
 
INFO:app.agents.template_agent:TemplateAgent 
initialized with templates dir: D:\personal 
proj\LegalContractAI\backend\app\templates
INFO:app.agents.structure_agent:StructureAgent 
initialized
INFO:app.agents.drafting_agent:DraftingAgent 
initialized
INFO:app.agents.clause_agent:ClauseAgent 
initialized
INFO:pinecone_plugin_interface.logging:Discovering 
subpackages in _NamespacePath(['D:\\personal proj\\
LegalContractAI\\.venv\\Lib\\site-packages\\pinecon
e_plugins'])
INFO:pinecone_plugin_interface.logging:Looking for 
plugins in pinecone_plugins.inference
INFO:pinecone_plugin_interface.logging:Installing 
plugin inference into Pinecone
D:\personal proj\LegalContractAI\backend\app\RAG\pi
necone_store.py:12: LangChainDeprecationWarning: 
The class `HuggingFaceEmbeddings` was deprecated 
in LangChain 0.2.2 and will be removed in 0.3.0. 
An updated version of the class exists in the 
langchain-huggingface package and should be used 
instead. To use it run `pip install -U 
langchain-huggingface` and import as `from 
langchain_huggingface import 
HuggingFaceEmbeddings`.
  self.embeddings = HuggingFaceEmbeddings(model_nam
e="sentence-transformers/all-MiniLM-L6-v2")
INFO:sentence_transformers.SentenceTransformer:Use 
pytorch device_name: cpu
INFO:sentence_transformers.SentenceTransformer:Load
 pretrained SentenceTransformer: 
sentence-transformers/all-MiniLM-L6-v2
INFO:app.agents.compliance_agent:ComplianceAgent 
initialized with legal texts path: D:\personal 
proj\LegalContractAI\backend\legal_texts
INFO:app.agents.risk_agent:RiskAgent initialized
INFO:app.agents.merge_agent:MergeAgent initialized
INFO:app.api.usage:Recording usage for 
6f0415fb-a408-497c-8e1e-63b6d05d0f6e 
(contract_draft)
INFO:httpx:HTTP Request: POST https://ovurapllfujhh
nxiklmt.supabase.co/rest/v1/usage_history "HTTP/2 
401 Unauthorized"
ERROR:app.services.supabase_service:Failed to 
record usage: {'message': 'new row violates 
row-level security policy for table 
"usage_history"', 'code': '42501', 'hint': None, 
'details': None}
INFO:httpx:HTTP Request: POST 
http://testserver/api/usage/record "HTTP/1.1 500 
Internal Server Error"
--- Testing Usage Encryption via TestClient for User: 6f0415fb-a408-497c-8e1e-63b6d05d0f6e ---
Step 1: Recording usage...
Traceback (most recent call last):
  File "D:\personal proj\LegalContractAI\backend\sc
ripts\test_usage_endpoints.py", line 82, in 
<module>
    test_usage_encryption()
  File "D:\personal proj\LegalContractAI\backend\sc
ripts\test_usage_endpoints.py", line 28, in 
test_usage_encryption
    print(f"\u2717 Failed: {response.status_code}")
  File "C:\Users\VinayM\AppData\Roaming\uv\python\c
python-3.12.12-windows-x86_64-none\Lib\encodings\cp
1252.py", line 19, in encode
    return codecs.charmap_encode(input,self.errors,
encoding_table)[0]
           ^^^^^^^^^^^^^^^^^^^^^^^^^^^^^^^^^^^^^^^^
^^^^^^^^^^^^^^^
UnicodeEncodeError: 'charmap' codec can't encode 
character '\u2717' in position 0: character maps 
to <undefined>
